******************************************************************************
                  TI ARM Linker PC v18.12.3                    
******************************************************************************
>> Linked Wed Oct  9 18:28:46 2019

OUTPUT FILE NAME:   <Digital_Lock.out>
ENTRY POINT SYMBOL: "_c_int00_noargs"  address: 00001139


MEMORY CONFIGURATION

         name            origin    length      used     unused   attr    fill
----------------------  --------  ---------  --------  --------  ----  --------
  MAIN                  00000000   00040000  00001204  0003edfc  R  X
  INFO                  00200000   00004000  00000000  00004000  R  X
  SRAM_CODE             01000000   00010000  00000618  0000f9e8  RW X
  SRAM_DATA             20000000   00010000  00000618  0000f9e8  RW  


SEGMENT ALLOCATION MAP

run origin  load origin   length   init length attrs members
----------  ----------- ---------- ----------- ----- -------
00000000    00000000    00001208   00001208    r-x
  00000000    00000000    000000e4   000000e4    r-- .intvecs
  000000e4    000000e4    000010f8   000010f8    r-x .text
  000011e0    000011e0    00000028   00000028    r-- .cinit
20000000    20000000    00000418   00000000    rw-
  20000000    20000000    00000400   00000000    rw- .sysmem
  20000400    20000400    00000018   00000000    rw- .data
2000fe00    2000fe00    00000200   00000000    rw-
  2000fe00    2000fe00    00000200   00000000    rw- .stack


SECTION ALLOCATION MAP

 output                                  attributes/
section   page    origin      length       input sections
--------  ----  ----------  ----------   ----------------
.intvecs   0    00000000    000000e4     
                  00000000    000000e4     startup_msp432p401r_ccs.obj (.intvecs:retain)

.text      0    000000e4    000010f8     
                  000000e4    0000033e     DigitalLock.obj (.text)
                  00000422    00000002     rtsv7M4_T_le_v4SPD16_eabi.lib : _lock.c.obj (.text:_nop)
                  00000424    00000334     system_msp432p401r.obj (.text)
                  00000758    000002a0     LCD.obj (.text)
                  000009f8    00000138     delay.obj (.text)
                  00000b30    00000134     main.obj (.text)
                  00000c64    0000012c     Keypad.obj (.text)
                  00000d90    000000f4     rtsv7M4_T_le_v4SPD16_eabi.lib : memory.c.obj (.text:aligned_alloc)
                  00000e84    000000f0     set_DCO.obj (.text)
                  00000f74    0000009c     rtsv7M4_T_le_v4SPD16_eabi.lib : memcpy_t2.asm.obj (.text)
                  00001010    0000007c                                   : memory.c.obj (.text:split)
                  0000108c    00000068                                   : copy_decompress_lzss.c.obj (.text:decompress:lzss:__TI_decompress_lzss)
                  000010f4    00000044                                   : autoinit.c.obj (.text:__TI_auto_init_nobinit_nopinit:__TI_auto_init_nobinit_nopinit)
                  00001138    00000034                                   : boot_cortex_m.c.obj (.text:_c_int00_noargs:_c_int00_noargs)
                  0000116c    00000028                                   : memory.c.obj (.text:free_list_insert)
                  00001194    0000001c                                   : memory.c.obj (.text:free_list_remove)
                  000011b0    0000000e                                   : copy_decompress_none.c.obj (.text:decompress:none:__TI_decompress_none)
                  000011be    0000000e     startup_msp432p401r_ccs.obj (.text)
                  000011cc    00000008     rtsv7M4_T_le_v4SPD16_eabi.lib : memory.c.obj (.text:malloc)
                  000011d4    00000004                                   : pre_init.c.obj (.text:_system_pre_init)
                  000011d8    00000004                                   : exit.c.obj (.text:abort:abort)

.cinit     0    000011e0    00000028     
                  000011e0    00000015     (.cinit..data.load) [load image, compression = lzss]
                  000011f5    00000003     --HOLE-- [fill = 0]
                  000011f8    00000008     (__TI_handler_table)
                  00001200    00000008     (__TI_cinit_table)

.init_array 
*          0    00000000    00000000     UNINITIALIZED

.binit     0    00000000    00000000     

.data      0    20000400    00000018     UNINITIALIZED
                  20000400    00000008     rtsv7M4_T_le_v4SPD16_eabi.lib : _lock.c.obj (.data:$O1$$)
                  20000408    00000008                                   : memory.c.obj (.data:$O1$$)
                  20000410    00000004     main.obj (.data:CODE)
                  20000414    00000004     system_msp432p401r.obj (.data)

.sysmem    0    20000000    00000400     UNINITIALIZED
                  20000000    00000010     rtsv7M4_T_le_v4SPD16_eabi.lib : memory.c.obj (.sysmem)
                  20000010    000003f0     --HOLE--

.stack     0    2000fe00    00000200     UNINITIALIZED
                  2000fe00    00000004     rtsv7M4_T_le_v4SPD16_eabi.lib : boot_cortex_m.c.obj (.stack)
                  2000fe04    000001fc     --HOLE--

MODULE SUMMARY

       Module                        code   ro data   rw data
       ------                        ----   -------   -------
    .\
       DigitalLock.obj               830    0         0      
       system_msp432p401r.obj        820    0         8      
       LCD.obj                       672    0         0      
       main.obj                      308    0         8      
       delay.obj                     312    0         0      
       Keypad.obj                    300    0         0      
       startup_msp432p401r_ccs.obj   14     228       0      
       set_DCO.obj                   240    0         0      
    +--+-----------------------------+------+---------+---------+
       Total:                        3496   228       16     
                                                             
    C:\ti\ccs910\ccs\tools\compiler\ti-cgt-arm_18.12.3.LTS\lib\rtsv7M4_T_le_v4SPD16_eabi.lib
       memory.c.obj                  444    0         16     
       memcpy_t2.asm.obj             156    0         0      
       copy_decompress_lzss.c.obj    104    0         0      
       autoinit.c.obj                68     0         0      
       boot_cortex_m.c.obj           52     0         0      
       _lock.c.obj                   2      0         16     
       copy_decompress_none.c.obj    14     0         0      
       exit.c.obj                    4      0         0      
       pre_init.c.obj                4      0         0      
    +--+-----------------------------+------+---------+---------+
       Total:                        848    0         32     
                                                             
       Heap:                         0      0         2048   
       Stack:                        0      0         1024   
       Linker Generated:             0      37        0      
    +--+-----------------------------+------+---------+---------+
       Grand Total:                  4344   265       3120   


LINKER GENERATED COPY TABLES

__TI_cinit_table @ 00001200 records: 1, size/record: 8, table size: 8
	.data: load addr=000011e0, load size=00000015 bytes, run addr=20000400, run size=00000018 bytes, compression=lzss


LINKER GENERATED HANDLER TABLE

__TI_handler_table @ 000011f8 records: 2, size/record: 4, table size: 8
	index: 0, handler: __TI_decompress_lzss
	index: 1, handler: __TI_decompress_none


GLOBAL SYMBOLS: SORTED ALPHABETICALLY BY Name 

address   name                          
-------   ----                          
000011cb  ADC14_IRQHandler              
000011cb  AES256_IRQHandler             
000011cb  BusFault_Handler              
000011d9  C$$EXIT                       
20000410  CODE                          
000011cb  COMP_E0_IRQHandler            
000011cb  COMP_E1_IRQHandler            
000011cb  CS_IRQHandler                 
000008ad  Clear_LCD                     
000011cb  DMA_ERR_IRQHandler            
000011cb  DMA_INT0_IRQHandler           
000011cb  DMA_INT1_IRQHandler           
000011cb  DMA_INT2_IRQHandler           
000011cb  DMA_INT3_IRQHandler           
000011cb  DebugMon_Handler              
000011cb  Default_Handler               
000011cb  EUSCIA0_IRQHandler            
000011cb  EUSCIA1_IRQHandler            
000011cb  EUSCIA2_IRQHandler            
000011cb  EUSCIA3_IRQHandler            
000011cb  EUSCIB0_IRQHandler            
000011cb  EUSCIB1_IRQHandler            
000011cb  EUSCIB2_IRQHandler            
000011cb  EUSCIB3_IRQHandler            
000001e7  EnterCode                     
000011cb  FLCTL_IRQHandler              
000011cb  FPU_IRQHandler                
000011cb  HardFault_Handler             
00000909  Home_LCD                      
000001b3  LCD_first                     
00000797  LCD_init                      
0000017b  Lock_init                     
000011cb  MemManage_Handler             
000011cb  NMI_Handler                   
000011cb  PCM_IRQHandler                
000011cb  PORT1_IRQHandler              
000011cb  PORT2_IRQHandler              
000011cb  PORT3_IRQHandler              
000011cb  PORT4_IRQHandler              
000011cb  PORT5_IRQHandler              
000011cb  PORT6_IRQHandler              
000011cb  PSS_IRQHandler                
000011cb  PendSV_Handler                
000011cb  RTC_C_IRQHandler              
000011bf  Reset_Handler                 
000011cb  SVC_Handler                   
000011cb  SysTick_Handler               
20000414  SystemCoreClock               
00000425  SystemCoreClockUpdate         
0000069d  SystemInit                    
000011cb  T32_INT1_IRQHandler           
000011cb  T32_INT2_IRQHandler           
000011cb  T32_INTC_IRQHandler           
000011cb  TA0_0_IRQHandler              
000011cb  TA0_N_IRQHandler              
000011cb  TA1_0_IRQHandler              
000011cb  TA1_N_IRQHandler              
000011cb  TA2_0_IRQHandler              
000011cb  TA2_N_IRQHandler              
000011cb  TA3_0_IRQHandler              
000011cb  TA3_N_IRQHandler              
000011cb  UsageFault_Handler            
4000480c  WDTCTL_SYM                    
000011cb  WDT_A_IRQHandler              
00000879  Write_char_LCD                
000008e3  Write_string_LCD              
20010000  __STACK_END                   
00000200  __STACK_SIZE                  
00000400  __SYSMEM_SIZE                 
00001200  __TI_CINIT_Base               
00001208  __TI_CINIT_Limit              
000011f8  __TI_Handler_Table_Base       
00001200  __TI_Handler_Table_Limit      
000010f5  __TI_auto_init_nobinit_nopinit
0000108d  __TI_decompress_lzss          
000011b1  __TI_decompress_none          
ffffffff  __TI_pprof_out_hndl           
ffffffff  __TI_prof_data_size           
ffffffff  __TI_prof_data_start          
00000000  __TI_static_base__            
00000f75  __aeabi_memcpy                
00000f75  __aeabi_memcpy4               
00000f75  __aeabi_memcpy8               
ffffffff  __binit__                     
ffffffff  __c_args__                    
UNDEFED   __mpu_init                    
2000fe00  __stack                       
00001139  _c_int00_noargs               
20000400  _lock                         
00000423  _nop                          
20000000  _sys_memory                   
UNDEFED   _system_post_cinit            
000011d5  _system_pre_init              
20000404  _unlock                       
000011d9  abort                         
00000d91  aligned_alloc                 
ffffffff  binit                         
000009f9  delay_us                      
00000c99  detectPress                   
0000093f  helloworld                    
00000000  interruptVectors              
00000c65  keypad_init                   
00000b31  main                          
000011cd  malloc                        
00000d91  memalign                      
00000f75  memcpy                        
00000759  nibble                        
00000e85  set_DCO                       
0000010d  writeEnterKey                 
000000e5  writeLocked                   
00000147  writeUnlocked                 


GLOBAL SYMBOLS: SORTED BY Symbol Address 

address   name                          
-------   ----                          
00000000  __TI_static_base__            
00000000  interruptVectors              
000000e5  writeLocked                   
0000010d  writeEnterKey                 
00000147  writeUnlocked                 
0000017b  Lock_init                     
000001b3  LCD_first                     
000001e7  EnterCode                     
00000200  __STACK_SIZE                  
00000400  __SYSMEM_SIZE                 
00000423  _nop                          
00000425  SystemCoreClockUpdate         
0000069d  SystemInit                    
00000759  nibble                        
00000797  LCD_init                      
00000879  Write_char_LCD                
000008ad  Clear_LCD                     
000008e3  Write_string_LCD              
00000909  Home_LCD                      
0000093f  helloworld                    
000009f9  delay_us                      
00000b31  main                          
00000c65  keypad_init                   
00000c99  detectPress                   
00000d91  aligned_alloc                 
00000d91  memalign                      
00000e85  set_DCO                       
00000f75  __aeabi_memcpy                
00000f75  __aeabi_memcpy4               
00000f75  __aeabi_memcpy8               
00000f75  memcpy                        
0000108d  __TI_decompress_lzss          
000010f5  __TI_auto_init_nobinit_nopinit
00001139  _c_int00_noargs               
000011b1  __TI_decompress_none          
000011bf  Reset_Handler                 
000011cb  ADC14_IRQHandler              
000011cb  AES256_IRQHandler             
000011cb  BusFault_Handler              
000011cb  COMP_E0_IRQHandler            
000011cb  COMP_E1_IRQHandler            
000011cb  CS_IRQHandler                 
000011cb  DMA_ERR_IRQHandler            
000011cb  DMA_INT0_IRQHandler           
000011cb  DMA_INT1_IRQHandler           
000011cb  DMA_INT2_IRQHandler           
000011cb  DMA_INT3_IRQHandler           
000011cb  DebugMon_Handler              
000011cb  Default_Handler               
000011cb  EUSCIA0_IRQHandler            
000011cb  EUSCIA1_IRQHandler            
000011cb  EUSCIA2_IRQHandler            
000011cb  EUSCIA3_IRQHandler            
000011cb  EUSCIB0_IRQHandler            
000011cb  EUSCIB1_IRQHandler            
000011cb  EUSCIB2_IRQHandler            
000011cb  EUSCIB3_IRQHandler            
000011cb  FLCTL_IRQHandler              
000011cb  FPU_IRQHandler                
000011cb  HardFault_Handler             
000011cb  MemManage_Handler             
000011cb  NMI_Handler                   
000011cb  PCM_IRQHandler                
000011cb  PORT1_IRQHandler              
000011cb  PORT2_IRQHandler              
000011cb  PORT3_IRQHandler              
000011cb  PORT4_IRQHandler              
000011cb  PORT5_IRQHandler              
000011cb  PORT6_IRQHandler              
000011cb  PSS_IRQHandler                
000011cb  PendSV_Handler                
000011cb  RTC_C_IRQHandler              
000011cb  SVC_Handler                   
000011cb  SysTick_Handler               
000011cb  T32_INT1_IRQHandler           
000011cb  T32_INT2_IRQHandler           
000011cb  T32_INTC_IRQHandler           
000011cb  TA0_0_IRQHandler              
000011cb  TA0_N_IRQHandler              
000011cb  TA1_0_IRQHandler              
000011cb  TA1_N_IRQHandler              
000011cb  TA2_0_IRQHandler              
000011cb  TA2_N_IRQHandler              
000011cb  TA3_0_IRQHandler              
000011cb  TA3_N_IRQHandler              
000011cb  UsageFault_Handler            
000011cb  WDT_A_IRQHandler              
000011cd  malloc                        
000011d5  _system_pre_init              
000011d9  C$$EXIT                       
000011d9  abort                         
000011f8  __TI_Handler_Table_Base       
00001200  __TI_CINIT_Base               
00001200  __TI_Handler_Table_Limit      
00001208  __TI_CINIT_Limit              
20000000  _sys_memory                   
20000400  _lock                         
20000404  _unlock                       
20000410  CODE                          
20000414  SystemCoreClock               
2000fe00  __stack                       
20010000  __STACK_END                   
4000480c  WDTCTL_SYM                    
ffffffff  __TI_pprof_out_hndl           
ffffffff  __TI_prof_data_size           
ffffffff  __TI_prof_data_start          
ffffffff  __binit__                     
ffffffff  __c_args__                    
ffffffff  binit                         
UNDEFED   __mpu_init                    
UNDEFED   _system_post_cinit            

[111 symbols]
