******************************************************************************
                  TI ARM Linker PC v18.12.3                    
******************************************************************************
>> Linked Wed Oct  9 04:19:09 2019

OUTPUT FILE NAME:   <Digital_Lock.out>
ENTRY POINT SYMBOL: "_c_int00_noargs"  address: 00000ad9


MEMORY CONFIGURATION

         name            origin    length      used     unused   attr    fill
----------------------  --------  ---------  --------  --------  ----  --------
  MAIN                  00000000   00040000  00000ba6  0003f45a  R  X
  INFO                  00200000   00004000  00000000  00004000  R  X
  SRAM_CODE             01000000   00010000  00000618  0000f9e8  RW X
  SRAM_DATA             20000000   00010000  00000618  0000f9e8  RW  


SEGMENT ALLOCATION MAP

run origin  load origin   length   init length attrs members
----------  ----------- ---------- ----------- ----- -------
00000000    00000000    00000ba8   00000ba8    r-x
  00000000    00000000    000000e4   000000e4    r-- .intvecs
  000000e4    000000e4    00000a9a   00000a9a    r-x .text
  00000b80    00000b80    00000028   00000028    r-- .cinit
20000000    20000000    00000418   00000000    rw-
  20000000    20000000    00000400   00000000    rw- .sysmem
  20000400    20000400    00000018   00000000    rw- .data
2000fe00    2000fe00    00000200   00000000    rw-
  2000fe00    2000fe00    00000200   00000000    rw- .stack


SECTION ALLOCATION MAP

 output                                  attributes/
section   page    origin      length       input sections
--------  ----  ----------  ----------   ----------------
.intvecs   0    00000000    000000e4     
                  00000000    000000e4     startup_msp432p401r_ccs.obj (.intvecs:retain)

.text      0    000000e4    00000a9a     
                  000000e4    000001e0     system_msp432p401r.obj (.text)
                  000002c4    000001c8     LCD.obj (.text)
                  0000048c    0000017c     DigitalLock.obj (.text)
                  00000608    000000f4     Keypad.obj (.text)
                  000006fc    000000f4     rtsv7M4_T_le_v4SPD16_eabi.lib : memory.c.obj (.text:aligned_alloc)
                  000007f0    000000a0     set_DCO.obj (.text)
                  00000890    0000009c     rtsv7M4_T_le_v4SPD16_eabi.lib : memcpy_t2.asm.obj (.text)
                  0000092c    0000007c                                   : memory.c.obj (.text:split)
                  000009a8    00000068                                   : copy_decompress_lzss.c.obj (.text:decompress:lzss:__TI_decompress_lzss)
                  00000a10    00000048     main.obj (.text)
                  00000a58    00000044     rtsv7M4_T_le_v4SPD16_eabi.lib : autoinit.c.obj (.text:__TI_auto_init_nobinit_nopinit:__TI_auto_init_nobinit_nopinit)
                  00000a9c    0000003c     delay.obj (.text)
                  00000ad8    00000034     rtsv7M4_T_le_v4SPD16_eabi.lib : boot_cortex_m.c.obj (.text:_c_int00_noargs:_c_int00_noargs)
                  00000b0c    00000028                                   : memory.c.obj (.text:free_list_insert)
                  00000b34    0000001c                                   : memory.c.obj (.text:free_list_remove)
                  00000b50    0000000e                                   : copy_decompress_none.c.obj (.text:decompress:none:__TI_decompress_none)
                  00000b5e    0000000e     startup_msp432p401r_ccs.obj (.text)
                  00000b6c    00000008     rtsv7M4_T_le_v4SPD16_eabi.lib : memory.c.obj (.text:malloc)
                  00000b74    00000004                                   : pre_init.c.obj (.text:_system_pre_init)
                  00000b78    00000004                                   : exit.c.obj (.text:abort:abort)
                  00000b7c    00000002                                   : _lock.c.obj (.text:_nop)

.cinit     0    00000b80    00000028     
                  00000b80    00000015     (.cinit..data.load) [load image, compression = lzss]
                  00000b95    00000003     --HOLE-- [fill = 0]
                  00000b98    00000008     (__TI_handler_table)
                  00000ba0    00000008     (__TI_cinit_table)

.init_array 
*          0    00000000    00000000     UNINITIALIZED

.binit     0    00000000    00000000     

.data      0    20000400    00000018     UNINITIALIZED
                  20000400    00000008     rtsv7M4_T_le_v4SPD16_eabi.lib : _lock.c.obj (.data:$O1$$)
                  20000408    00000008                                   : memory.c.obj (.data:$O1$$)
                  20000410    00000004     main.obj (.data:CODE)
                  20000414    00000004     system_msp432p401r.obj (.data)

.sysmem    0    20000000    00000400     UNINITIALIZED
                  20000000    00000010     rtsv7M4_T_le_v4SPD16_eabi.lib : memory.c.obj (.sysmem)
                  20000010    000003f0     --HOLE--

.stack     0    2000fe00    00000200     UNINITIALIZED
                  2000fe00    00000004     rtsv7M4_T_le_v4SPD16_eabi.lib : boot_cortex_m.c.obj (.stack)
                  2000fe04    000001fc     --HOLE--

MODULE SUMMARY

       Module                        code   ro data   rw data
       ------                        ----   -------   -------
    .\
       system_msp432p401r.obj        480    0         8      
       LCD.obj                       456    0         0      
       DigitalLock.obj               380    0         0      
       Keypad.obj                    244    0         0      
       startup_msp432p401r_ccs.obj   14     228       0      
       set_DCO.obj                   160    0         0      
       main.obj                      72     0         8      
       delay.obj                     60     0         0      
    +--+-----------------------------+------+---------+---------+
       Total:                        1866   228       16     
                                                             
    C:\ti\ccs910\ccs\tools\compiler\ti-cgt-arm_18.12.3.LTS\lib\rtsv7M4_T_le_v4SPD16_eabi.lib
       memory.c.obj                  444    0         16     
       memcpy_t2.asm.obj             156    0         0      
       copy_decompress_lzss.c.obj    104    0         0      
       autoinit.c.obj                68     0         0      
       boot_cortex_m.c.obj           52     0         0      
       _lock.c.obj                   2      0         16     
       copy_decompress_none.c.obj    14     0         0      
       exit.c.obj                    4      0         0      
       pre_init.c.obj                4      0         0      
    +--+-----------------------------+------+---------+---------+
       Total:                        848    0         32     
                                                             
       Heap:                         0      0         2048   
       Stack:                        0      0         1024   
       Linker Generated:             0      37        0      
    +--+-----------------------------+------+---------+---------+
       Grand Total:                  2714   265       3120   


LINKER GENERATED COPY TABLES

__TI_cinit_table @ 00000ba0 records: 1, size/record: 8, table size: 8
	.data: load addr=00000b80, load size=00000015 bytes, run addr=20000400, run size=00000018 bytes, compression=lzss


LINKER GENERATED HANDLER TABLE

__TI_handler_table @ 00000b98 records: 2, size/record: 4, table size: 8
	index: 0, handler: __TI_decompress_lzss
	index: 1, handler: __TI_decompress_none


GLOBAL SYMBOLS: SORTED ALPHABETICALLY BY Name 

address   name                          
-------   ----                          
00000b6b  ADC14_IRQHandler              
00000b6b  AES256_IRQHandler             
00000b6b  BusFault_Handler              
00000b79  C$$EXIT                       
20000410  CODE                          
00000b6b  COMP_E0_IRQHandler            
00000b6b  COMP_E1_IRQHandler            
00000b6b  CS_IRQHandler                 
00000461  Clear_LCD                     
00000b6b  DMA_ERR_IRQHandler            
00000b6b  DMA_INT0_IRQHandler           
00000b6b  DMA_INT1_IRQHandler           
00000b6b  DMA_INT2_IRQHandler           
00000b6b  DMA_INT3_IRQHandler           
00000b6b  DebugMon_Handler              
00000b6b  Default_Handler               
00000b6b  EUSCIA0_IRQHandler            
00000b6b  EUSCIA1_IRQHandler            
00000b6b  EUSCIA2_IRQHandler            
00000b6b  EUSCIA3_IRQHandler            
00000b6b  EUSCIB0_IRQHandler            
00000b6b  EUSCIB1_IRQHandler            
00000b6b  EUSCIB2_IRQHandler            
00000b6b  EUSCIB3_IRQHandler            
0000055f  EnterCode                     
00000b6b  FLCTL_IRQHandler              
00000b6b  FPU_IRQHandler                
00000b6b  HardFault_Handler             
0000043d  Home_LCD                      
00000543  LCD_first                     
000003c7  LCD_init                      
00000523  Lock_init                     
00000b6b  MemManage_Handler             
00000b6b  NMI_Handler                   
00000b6b  PCM_IRQHandler                
00000b6b  PORT1_IRQHandler              
00000b6b  PORT2_IRQHandler              
00000b6b  PORT3_IRQHandler              
00000b6b  PORT4_IRQHandler              
00000b6b  PORT5_IRQHandler              
00000b6b  PORT6_IRQHandler              
00000b6b  PSS_IRQHandler                
00000b6b  PendSV_Handler                
00000b6b  RTC_C_IRQHandler              
00000b5f  Reset_Handler                 
00000b6b  SVC_Handler                   
00000b6b  SysTick_Handler               
20000414  SystemCoreClock               
0000013b  SystemCoreClockUpdate         
000000e5  SystemInit                    
00000b6b  T32_INT1_IRQHandler           
00000b6b  T32_INT2_IRQHandler           
00000b6b  T32_INTC_IRQHandler           
00000b6b  TA0_0_IRQHandler              
00000b6b  TA0_N_IRQHandler              
00000b6b  TA1_0_IRQHandler              
00000b6b  TA1_N_IRQHandler              
00000b6b  TA2_0_IRQHandler              
00000b6b  TA2_N_IRQHandler              
00000b6b  TA3_0_IRQHandler              
00000b6b  TA3_N_IRQHandler              
00000b6b  UsageFault_Handler            
4000480c  WDTCTL_SYM                    
00000b6b  WDT_A_IRQHandler              
000002f9  Write_char_LCD                
000003b3  Write_string_LCD              
20010000  __STACK_END                   
00000200  __STACK_SIZE                  
00000400  __SYSMEM_SIZE                 
00000ba0  __TI_CINIT_Base               
00000ba8  __TI_CINIT_Limit              
00000b98  __TI_Handler_Table_Base       
00000ba0  __TI_Handler_Table_Limit      
00000a59  __TI_auto_init_nobinit_nopinit
000009a9  __TI_decompress_lzss          
00000b51  __TI_decompress_none          
ffffffff  __TI_pprof_out_hndl           
ffffffff  __TI_prof_data_size           
ffffffff  __TI_prof_data_start          
00000000  __TI_static_base__            
00000891  __aeabi_memcpy                
00000891  __aeabi_memcpy4               
00000891  __aeabi_memcpy8               
ffffffff  __binit__                     
ffffffff  __c_args__                    
UNDEFED   __mpu_init                    
2000fe00  __stack                       
00000ad9  _c_int00_noargs               
20000400  _lock                         
00000b7d  _nop                          
20000000  _sys_memory                   
UNDEFED   _system_post_cinit            
00000b75  _system_pre_init              
20000404  _unlock                       
00000b79  abort                         
000006fd  aligned_alloc                 
ffffffff  binit                         
00000a9d  delay_us                      
0000063d  detectPress                   
00000319  helloworld                    
00000000  interruptVectors              
00000609  keypad_init                   
00000a11  main                          
00000b6d  malloc                        
000006fd  memalign                      
00000891  memcpy                        
000002c5  nibble                        
000007f1  set_DCO                       
000004e9  writeEnterKey                 
000004c1  writeLocked                   
0000048d  writeUnlocked                 


GLOBAL SYMBOLS: SORTED BY Symbol Address 

address   name                          
-------   ----                          
00000000  __TI_static_base__            
00000000  interruptVectors              
000000e5  SystemInit                    
0000013b  SystemCoreClockUpdate         
00000200  __STACK_SIZE                  
000002c5  nibble                        
000002f9  Write_char_LCD                
00000319  helloworld                    
000003b3  Write_string_LCD              
000003c7  LCD_init                      
00000400  __SYSMEM_SIZE                 
0000043d  Home_LCD                      
00000461  Clear_LCD                     
0000048d  writeUnlocked                 
000004c1  writeLocked                   
000004e9  writeEnterKey                 
00000523  Lock_init                     
00000543  LCD_first                     
0000055f  EnterCode                     
00000609  keypad_init                   
0000063d  detectPress                   
000006fd  aligned_alloc                 
000006fd  memalign                      
000007f1  set_DCO                       
00000891  __aeabi_memcpy                
00000891  __aeabi_memcpy4               
00000891  __aeabi_memcpy8               
00000891  memcpy                        
000009a9  __TI_decompress_lzss          
00000a11  main                          
00000a59  __TI_auto_init_nobinit_nopinit
00000a9d  delay_us                      
00000ad9  _c_int00_noargs               
00000b51  __TI_decompress_none          
00000b5f  Reset_Handler                 
00000b6b  ADC14_IRQHandler              
00000b6b  AES256_IRQHandler             
00000b6b  BusFault_Handler              
00000b6b  COMP_E0_IRQHandler            
00000b6b  COMP_E1_IRQHandler            
00000b6b  CS_IRQHandler                 
00000b6b  DMA_ERR_IRQHandler            
00000b6b  DMA_INT0_IRQHandler           
00000b6b  DMA_INT1_IRQHandler           
00000b6b  DMA_INT2_IRQHandler           
00000b6b  DMA_INT3_IRQHandler           
00000b6b  DebugMon_Handler              
00000b6b  Default_Handler               
00000b6b  EUSCIA0_IRQHandler            
00000b6b  EUSCIA1_IRQHandler            
00000b6b  EUSCIA2_IRQHandler            
00000b6b  EUSCIA3_IRQHandler            
00000b6b  EUSCIB0_IRQHandler            
00000b6b  EUSCIB1_IRQHandler            
00000b6b  EUSCIB2_IRQHandler            
00000b6b  EUSCIB3_IRQHandler            
00000b6b  FLCTL_IRQHandler              
00000b6b  FPU_IRQHandler                
00000b6b  HardFault_Handler             
00000b6b  MemManage_Handler             
00000b6b  NMI_Handler                   
00000b6b  PCM_IRQHandler                
00000b6b  PORT1_IRQHandler              
00000b6b  PORT2_IRQHandler              
00000b6b  PORT3_IRQHandler              
00000b6b  PORT4_IRQHandler              
00000b6b  PORT5_IRQHandler              
00000b6b  PORT6_IRQHandler              
00000b6b  PSS_IRQHandler                
00000b6b  PendSV_Handler                
00000b6b  RTC_C_IRQHandler              
00000b6b  SVC_Handler                   
00000b6b  SysTick_Handler               
00000b6b  T32_INT1_IRQHandler           
00000b6b  T32_INT2_IRQHandler           
00000b6b  T32_INTC_IRQHandler           
00000b6b  TA0_0_IRQHandler              
00000b6b  TA0_N_IRQHandler              
00000b6b  TA1_0_IRQHandler              
00000b6b  TA1_N_IRQHandler              
00000b6b  TA2_0_IRQHandler              
00000b6b  TA2_N_IRQHandler              
00000b6b  TA3_0_IRQHandler              
00000b6b  TA3_N_IRQHandler              
00000b6b  UsageFault_Handler            
00000b6b  WDT_A_IRQHandler              
00000b6d  malloc                        
00000b75  _system_pre_init              
00000b79  C$$EXIT                       
00000b79  abort                         
00000b7d  _nop                          
00000b98  __TI_Handler_Table_Base       
00000ba0  __TI_CINIT_Base               
00000ba0  __TI_Handler_Table_Limit      
00000ba8  __TI_CINIT_Limit              
20000000  _sys_memory                   
20000400  _lock                         
20000404  _unlock                       
20000410  CODE                          
20000414  SystemCoreClock               
2000fe00  __stack                       
20010000  __STACK_END                   
4000480c  WDTCTL_SYM                    
ffffffff  __TI_pprof_out_hndl           
ffffffff  __TI_prof_data_size           
ffffffff  __TI_prof_data_start          
ffffffff  __binit__                     
ffffffff  __c_args__                    
ffffffff  binit                         
UNDEFED   __mpu_init                    
UNDEFED   _system_post_cinit            

[111 symbols]
