******************************************************************************
                  TI ARM Linker PC v18.12.3                    
******************************************************************************
>> Linked Fri Oct 25 06:30:29 2019

OUTPUT FILE NAME:   <Function Generator.out>
ENTRY POINT SYMBOL: "_c_int00_noargs"  address: 00002745


MEMORY CONFIGURATION

         name            origin    length      used     unused   attr    fill
----------------------  --------  ---------  --------  --------  ----  --------
  MAIN                  00000000   00040000  00002980  0003d680  R  X
  INFO                  00200000   00004000  00000000  00004000  R  X
  SRAM_CODE             01000000   00010000  00000796  0000f86a  RW X
  SRAM_DATA             20000000   00010000  00000796  0000f86a  RW  


SEGMENT ALLOCATION MAP

run origin  load origin   length   init length attrs members
----------  ----------- ---------- ----------- ----- -------
00000000    00000000    00002980   00002980    r-x
  00000000    00000000    000000e4   000000e4    r-- .intvecs
  000000e4    000000e4    00002714   00002714    r-x .text
  000027f8    000027f8    00000158   00000158    r-- .const
  00002950    00002950    00000030   00000030    r-- .cinit
20000000    20000000    00000598   00000000    rw-
  20000000    20000000    00000586   00000000    rw- .bss
  20000588    20000588    00000010   00000000    rw- .data
2000fe00    2000fe00    00000200   00000000    rw-
  2000fe00    2000fe00    00000200   00000000    rw- .stack


SECTION ALLOCATION MAP

 output                                  attributes/
section   page    origin      length       input sections
--------  ----  ----------  ----------   ----------------
.intvecs   0    00000000    000000e4     
                  00000000    000000e4     startup_msp432p401r_ccs.obj (.intvecs:retain)

.text      0    000000e4    00002714     
                  000000e4    00000738     rtsv7M4_T_le_v4SPD16_eabi.lib : k_rem_pio2.c.obj (.text:__kernel_rem_pio2)
                  0000081c    000005c4                                   : s_sin.c.obj (.text:sin)
                  00000de0    0000045c     main.obj (.text)
                  0000123c    000003cc     SPI.obj (.text)
                  00001608    00000334     system_msp432p401r.obj (.text)
                  0000193c    000001b6     rtsv7M4_T_le_v4SPD16_eabi.lib : fd_add_t2.asm.obj (.text)
                  00001af2    00000002     --HOLE-- [fill = 0]
                  00001af4    00000174                                   : k_sin.c.obj (.text:__kernel_sin)
                  00001c68    0000016c                                   : k_cos.c.obj (.text:__kernel_cos)
                  00001dd4    00000138     delay.obj (.text)
                  00001f0c    0000012c     Keypad.obj (.text)
                  00002038    00000110     rtsv7M4_T_le_v4SPD16_eabi.lib : s_scalbn.c.obj (.text:scalbn)
                  00002148    000000fc                                   : fd_mul_t2.asm.obj (.text)
                  00002244    000000f8                                   : s_floor.c.obj (.text:floor)
                  0000233c    000000f0     set_DCO.obj (.text)
                  0000242c    0000009c     rtsv7M4_T_le_v4SPD16_eabi.lib : memcpy_t2.asm.obj (.text)
                  000024c8    00000086                                   : fd_cmp_t2.asm.obj (.text:__aeabi_cdcmple)
                  0000254e    00000086                                   : fd_cmp_t2.asm.obj (.text:__aeabi_cdrcmple)
                  000025d4    0000007a                                   : memset_t2.asm.obj (.text)
                  0000264e    00000068                                   : copy_decompress_lzss.c.obj (.text:decompress:lzss:__TI_decompress_lzss)
                  000026b6    00000048                                   : fd_toi_t2.asm.obj (.text)
                  000026fe    00000002     --HOLE-- [fill = 0]
                  00002700    00000044                                   : autoinit.c.obj (.text:__TI_auto_init_nobinit_nopinit:__TI_auto_init_nobinit_nopinit)
                  00002744    00000034                                   : boot_cortex_m.c.obj (.text:_c_int00_noargs:_c_int00_noargs)
                  00002778    0000002e                                   : i_tofd_t2.asm.obj (.text)
                  000027a6    0000001a                                   : s_copysign.c.obj (.text:copysign)
                  000027c0    0000000e                                   : copy_decompress_none.c.obj (.text:decompress:none:__TI_decompress_none)
                  000027ce    0000000e     startup_msp432p401r_ccs.obj (.text)
                  000027dc    0000000c     rtsv7M4_T_le_v4SPD16_eabi.lib : copy_zero_init.c.obj (.text:decompress:ZI:__TI_zero_init)
                  000027e8    00000008                                   : errno.c.obj (.text:__aeabi_errno_addr)
                  000027f0    00000004                                   : pre_init.c.obj (.text:_system_pre_init)
                  000027f4    00000004                                   : exit.c.obj (.text:abort:abort)

.const     0    000027f8    00000158     
                  000027f8    00000158     rtsv7M4_T_le_v4SPD16_eabi.lib : k_rem_pio2.c.obj (.const:$O1$$)

.cinit     0    00002950    00000030     
                  00002950    0000000c     (__TI_handler_table)
                  0000295c    0000000b     (.cinit..data.load) [load image, compression = lzss]
                  00002967    00000001     --HOLE-- [fill = 0]
                  00002968    00000008     (.cinit..bss.load) [load image, compression = zero_init]
                  00002970    00000010     (__TI_cinit_table)

.init_array 
*          0    00000000    00000000     UNINITIALIZED

.binit     0    00000000    00000000     

.bss       0    20000000    00000586     UNINITIALIZED
                  20000000    000001d0     (.common:sawArray)
                  200001d0    000001d0     (.common:triArray)
                  200003a0    000001cc     (.common:sinArray)
                  2000056c    00000008     (.common:squareArray)
                  20000574    00000004     SPI.obj (.bss)
                  20000578    00000004     (.common:gDutyCycle)
                  2000057c    00000004     (.common:gFreq)
                  20000580    00000004     (.common:gWaveType)
                  20000584    00000002     (.common:outVolt)

.data      0    20000588    00000010     UNINITIALIZED
                  20000588    00000008     SPI.obj (.data)
                  20000590    00000004     rtsv7M4_T_le_v4SPD16_eabi.lib : errno.c.obj (.data)
                  20000594    00000004     system_msp432p401r.obj (.data)

.stack     0    2000fe00    00000200     UNINITIALIZED
                  2000fe00    00000004     rtsv7M4_T_le_v4SPD16_eabi.lib : boot_cortex_m.c.obj (.stack)
                  2000fe04    000001fc     --HOLE--

MODULE SUMMARY

       Module                        code    ro data   rw data
       ------                        ----    -------   -------
    .\
       SPI.obj                       972     0         2844   
       main.obj                      1116    0         0      
       system_msp432p401r.obj        820     0         8      
       delay.obj                     312     0         0      
       Keypad.obj                    300     0         0      
       startup_msp432p401r_ccs.obj   14      228       0      
       set_DCO.obj                   240     0         0      
    +--+-----------------------------+-------+---------+---------+
       Total:                        3774    228       2852   
                                                              
    C:\ti\ccs910\ccs\tools\compiler\ti-cgt-arm_18.12.3.LTS\lib\rtsv7M4_T_le_v4SPD16_eabi.lib
       k_rem_pio2.c.obj              1848    344       0      
       s_sin.c.obj                   1476    0         0      
       fd_add_t2.asm.obj             438     0         0      
       k_sin.c.obj                   372     0         0      
       k_cos.c.obj                   364     0         0      
       s_scalbn.c.obj                272     0         0      
       fd_cmp_t2.asm.obj             268     0         0      
       fd_mul_t2.asm.obj             252     0         0      
       s_floor.c.obj                 248     0         0      
       memcpy_t2.asm.obj             156     0         0      
       memset_t2.asm.obj             122     0         0      
       copy_decompress_lzss.c.obj    104     0         0      
       fd_toi_t2.asm.obj             72      0         0      
       autoinit.c.obj                68      0         0      
       boot_cortex_m.c.obj           52      0         0      
       i_tofd_t2.asm.obj             46      0         0      
       s_copysign.c.obj              26      0         0      
       errno.c.obj                   8       0         8      
       copy_decompress_none.c.obj    14      0         0      
       copy_zero_init.c.obj          12      0         0      
       exit.c.obj                    4       0         0      
       pre_init.c.obj                4       0         0      
    +--+-----------------------------+-------+---------+---------+
       Total:                        6226    344       8      
                                                              
       Stack:                        0       0         1024   
       Linker Generated:             0       47        0      
    +--+-----------------------------+-------+---------+---------+
       Grand Total:                  10000   619       3884   


LINKER GENERATED COPY TABLES

__TI_cinit_table @ 00002970 records: 2, size/record: 8, table size: 16
	.data: load addr=0000295c, load size=0000000b bytes, run addr=20000588, run size=00000010 bytes, compression=lzss
	.bss: load addr=00002968, load size=00000008 bytes, run addr=20000000, run size=00000586 bytes, compression=zero_init


LINKER GENERATED HANDLER TABLE

__TI_handler_table @ 00002950 records: 3, size/record: 4, table size: 12
	index: 0, handler: __TI_decompress_lzss
	index: 1, handler: __TI_decompress_none
	index: 2, handler: __TI_zero_init


GLOBAL SYMBOLS: SORTED ALPHABETICALLY BY Name 

address   name                          
-------   ----                          
000027db  ADC14_IRQHandler              
000027db  AES256_IRQHandler             
000027db  BusFault_Handler              
000027f5  C$$EXIT                       
000027db  COMP_E0_IRQHandler            
000027db  COMP_E1_IRQHandler            
000027db  CS_IRQHandler                 
000027db  DMA_ERR_IRQHandler            
000027db  DMA_INT0_IRQHandler           
000027db  DMA_INT1_IRQHandler           
000027db  DMA_INT2_IRQHandler           
000027db  DMA_INT3_IRQHandler           
000012cf  Data_init                     
000027db  DebugMon_Handler              
000027db  Default_Handler               
000027db  EUSCIA0_IRQHandler            
000027db  EUSCIA1_IRQHandler            
000027db  EUSCIA2_IRQHandler            
000027db  EUSCIA3_IRQHandler            
000027db  EUSCIB0_IRQHandler            
000027db  EUSCIB1_IRQHandler            
000027db  EUSCIB2_IRQHandler            
000027db  EUSCIB3_IRQHandler            
000027db  FLCTL_IRQHandler              
000027db  FPU_IRQHandler                
000027db  HardFault_Handler             
000027db  MemManage_Handler             
000027db  NMI_Handler                   
000027db  PCM_IRQHandler                
000027db  PORT1_IRQHandler              
000027db  PORT2_IRQHandler              
000027db  PORT3_IRQHandler              
000027db  PORT4_IRQHandler              
000027db  PORT5_IRQHandler              
000027db  PORT6_IRQHandler              
000027db  PSS_IRQHandler                
000027db  PendSV_Handler                
000027db  RTC_C_IRQHandler              
000027cf  Reset_Handler                 
0000123d  SPI_init                      
000013c1  SPI_out                       
000027db  SVC_Handler                   
000027db  SysTick_Handler               
20000594  SystemCoreClock               
00001609  SystemCoreClockUpdate         
00001881  SystemInit                    
000027db  T32_INT1_IRQHandler           
000027db  T32_INT2_IRQHandler           
000027db  T32_INTC_IRQHandler           
00001445  TA0_0_IRQHandler              
00001445  TA0_0_IRQHandler              
000027db  TA0_N_IRQHandler              
000027db  TA1_0_IRQHandler              
000027db  TA1_N_IRQHandler              
000027db  TA2_0_IRQHandler              
000027db  TA2_N_IRQHandler              
000027db  TA3_0_IRQHandler              
000027db  TA3_N_IRQHandler              
000012ad  TimerA_init                   
000027db  UsageFault_Handler            
4000480c  WDTCTL_SYM                    
000027db  WDT_A_IRQHandler              
20010000  __STACK_END                   
00000200  __STACK_SIZE                  
00002970  __TI_CINIT_Base               
00002980  __TI_CINIT_Limit              
00002950  __TI_Handler_Table_Base       
0000295c  __TI_Handler_Table_Limit      
00002701  __TI_auto_init_nobinit_nopinit
0000264f  __TI_decompress_lzss          
000027c1  __TI_decompress_none          
ffffffff  __TI_pprof_out_hndl           
ffffffff  __TI_prof_data_size           
ffffffff  __TI_prof_data_start          
00000000  __TI_static_base__            
000027dd  __TI_zero_init                
000024c9  __aeabi_cdcmpeq               
000024c9  __aeabi_cdcmple               
0000254f  __aeabi_cdrcmple              
000026b7  __aeabi_d2iz                  
00001947  __aeabi_dadd                  
00002149  __aeabi_dmul                  
0000193d  __aeabi_dsub                  
000027e9  __aeabi_errno_addr            
00002779  __aeabi_i2d                   
000025d5  __aeabi_memclr                
000025d5  __aeabi_memclr4               
000025d5  __aeabi_memclr8               
0000242d  __aeabi_memcpy                
0000242d  __aeabi_memcpy4               
0000242d  __aeabi_memcpy8               
000025d7  __aeabi_memset                
000025d7  __aeabi_memset4               
000025d7  __aeabi_memset8               
ffffffff  __binit__                     
ffffffff  __c_args__                    
00001c69  __kernel_cos                  
000000e5  __kernel_rem_pio2             
00001af5  __kernel_sin                  
UNDEFED   __mpu_init                    
2000fe00  __stack                       
00002745  _c_int00_noargs               
UNDEFED   _system_post_cinit            
000027f1  _system_pre_init              
000027f5  abort                         
ffffffff  binit                         
000027a7  copysign                      
000027a7  copysignl                     
00001dd5  delay_us                      
00001f41  detectPress                   
20000590  errno                         
00002245  floor                         
00002245  floorl                        
20000578  gDutyCycle                    
2000057c  gFreq                         
20000588  gFreqB                        
20000580  gWaveType                     
00000000  interruptVectors              
00001f0d  keypad_init                   
00002039  ldexp                         
00002039  ldexpl                        
00000de1  main                          
0000242d  memcpy                        
000025dd  memset                        
20000584  outVolt                       
0000128d  passVars                      
20000000  sawArray                      
00002039  scalbn                        
00002039  scalbnl                       
0000233d  set_DCO                       
0000081d  sin                           
200003a0  sinArray                      
0000081d  sinl                          
2000056c  squareArray                   
200001d0  triArray                      


GLOBAL SYMBOLS: SORTED BY Symbol Address 

address   name                          
-------   ----                          
00000000  __TI_static_base__            
00000000  interruptVectors              
000000e5  __kernel_rem_pio2             
00000200  __STACK_SIZE                  
0000081d  sin                           
0000081d  sinl                          
00000de1  main                          
0000123d  SPI_init                      
0000128d  passVars                      
000012ad  TimerA_init                   
000012cf  Data_init                     
000013c1  SPI_out                       
00001445  TA0_0_IRQHandler              
00001445  TA0_0_IRQHandler              
00001609  SystemCoreClockUpdate         
00001881  SystemInit                    
0000193d  __aeabi_dsub                  
00001947  __aeabi_dadd                  
00001af5  __kernel_sin                  
00001c69  __kernel_cos                  
00001dd5  delay_us                      
00001f0d  keypad_init                   
00001f41  detectPress                   
00002039  ldexp                         
00002039  ldexpl                        
00002039  scalbn                        
00002039  scalbnl                       
00002149  __aeabi_dmul                  
00002245  floor                         
00002245  floorl                        
0000233d  set_DCO                       
0000242d  __aeabi_memcpy                
0000242d  __aeabi_memcpy4               
0000242d  __aeabi_memcpy8               
0000242d  memcpy                        
000024c9  __aeabi_cdcmpeq               
000024c9  __aeabi_cdcmple               
0000254f  __aeabi_cdrcmple              
000025d5  __aeabi_memclr                
000025d5  __aeabi_memclr4               
000025d5  __aeabi_memclr8               
000025d7  __aeabi_memset                
000025d7  __aeabi_memset4               
000025d7  __aeabi_memset8               
000025dd  memset                        
0000264f  __TI_decompress_lzss          
000026b7  __aeabi_d2iz                  
00002701  __TI_auto_init_nobinit_nopinit
00002745  _c_int00_noargs               
00002779  __aeabi_i2d                   
000027a7  copysign                      
000027a7  copysignl                     
000027c1  __TI_decompress_none          
000027cf  Reset_Handler                 
000027db  ADC14_IRQHandler              
000027db  AES256_IRQHandler             
000027db  BusFault_Handler              
000027db  COMP_E0_IRQHandler            
000027db  COMP_E1_IRQHandler            
000027db  CS_IRQHandler                 
000027db  DMA_ERR_IRQHandler            
000027db  DMA_INT0_IRQHandler           
000027db  DMA_INT1_IRQHandler           
000027db  DMA_INT2_IRQHandler           
000027db  DMA_INT3_IRQHandler           
000027db  DebugMon_Handler              
000027db  Default_Handler               
000027db  EUSCIA0_IRQHandler            
000027db  EUSCIA1_IRQHandler            
000027db  EUSCIA2_IRQHandler            
000027db  EUSCIA3_IRQHandler            
000027db  EUSCIB0_IRQHandler            
000027db  EUSCIB1_IRQHandler            
000027db  EUSCIB2_IRQHandler            
000027db  EUSCIB3_IRQHandler            
000027db  FLCTL_IRQHandler              
000027db  FPU_IRQHandler                
000027db  HardFault_Handler             
000027db  MemManage_Handler             
000027db  NMI_Handler                   
000027db  PCM_IRQHandler                
000027db  PORT1_IRQHandler              
000027db  PORT2_IRQHandler              
000027db  PORT3_IRQHandler              
000027db  PORT4_IRQHandler              
000027db  PORT5_IRQHandler              
000027db  PORT6_IRQHandler              
000027db  PSS_IRQHandler                
000027db  PendSV_Handler                
000027db  RTC_C_IRQHandler              
000027db  SVC_Handler                   
000027db  SysTick_Handler               
000027db  T32_INT1_IRQHandler           
000027db  T32_INT2_IRQHandler           
000027db  T32_INTC_IRQHandler           
000027db  TA0_N_IRQHandler              
000027db  TA1_0_IRQHandler              
000027db  TA1_N_IRQHandler              
000027db  TA2_0_IRQHandler              
000027db  TA2_N_IRQHandler              
000027db  TA3_0_IRQHandler              
000027db  TA3_N_IRQHandler              
000027db  UsageFault_Handler            
000027db  WDT_A_IRQHandler              
000027dd  __TI_zero_init                
000027e9  __aeabi_errno_addr            
000027f1  _system_pre_init              
000027f5  C$$EXIT                       
000027f5  abort                         
00002950  __TI_Handler_Table_Base       
0000295c  __TI_Handler_Table_Limit      
00002970  __TI_CINIT_Base               
00002980  __TI_CINIT_Limit              
20000000  sawArray                      
200001d0  triArray                      
200003a0  sinArray                      
2000056c  squareArray                   
20000578  gDutyCycle                    
2000057c  gFreq                         
20000580  gWaveType                     
20000584  outVolt                       
20000588  gFreqB                        
20000590  errno                         
20000594  SystemCoreClock               
2000fe00  __stack                       
20010000  __STACK_END                   
4000480c  WDTCTL_SYM                    
ffffffff  __TI_pprof_out_hndl           
ffffffff  __TI_prof_data_size           
ffffffff  __TI_prof_data_start          
ffffffff  __binit__                     
ffffffff  __c_args__                    
ffffffff  binit                         
UNDEFED   __mpu_init                    
UNDEFED   _system_post_cinit            

[135 symbols]
